{"date":"2025-11-06T16:14:35.919Z","v2ReleasePublicKey":"A9GmPQ4i6zCq16PeVizDRvjuejkScaddDTiEVPvR4sJA","v1ReleasePublicKey":"A9GmPQ4i6zCq16PeVizDRvjuejkScaddDTiEVPvR4sJA","txid":"2DBJz8599h3Nn83YUFdmckcUiwWoA7wzuzm2L8M3966PU5nZx6mpYosyybXPPs1nSVWCnHur71aCUjZbQsDLSmKk"}
{"date":"2025-11-06T16:14:48.842Z","v2ReleasePublicKey":"7rvpXZ8aivE69JaUdUJr5G7ASCJ13wxws8qTm136Q1fk","v1ReleasePublicKey":"7rvpXZ8aivE69JaUdUJr5G7ASCJ13wxws8qTm136Q1fk","txid":"B7HwwfHmtytpFdUxNfc5jEiAqB599cG9fNR33xG6GprLerTaR7rQrUG2hg3rbPsY2PbRdPZGBXP8TJnvhCT5RPE"}
{"date":"2025-11-06T16:15:01.772Z","v2ReleasePublicKey":"AHq8pQHLZcTdgTRW4zrP4FACDz7LYyYnmuziCjhikyzc","v1ReleasePublicKey":"AHq8pQHLZcTdgTRW4zrP4FACDz7LYyYnmuziCjhikyzc","txid":"zhad9nHkk9nxYN4stTgAm9xQRFBMn5Tbveac8gvVifN5awhMB38DFAEsoE3GGFyk1bMBP3F5o6yFNLLSmKahLKu"}
{"date":"2025-11-06T16:15:14.340Z","v2ReleasePublicKey":"DEyHcEjiCUbZdzDHL1k1n6KFnuwom3YxhymBFbJiVXBx","v1ReleasePublicKey":"DEyHcEjiCUbZdzDHL1k1n6KFnuwom3YxhymBFbJiVXBx","txid":"5FfZsDigqsz6HFrXCGCGm2CpQhCYZQnNKHpDN6NRYHH9WqGfDMsMWHqA5JN5oVzUqH4JNeYMn8zo2X3D58rcXLPV"}
{"date":"2025-11-06T16:15:27.028Z","v2ReleasePublicKey":"C2ejdY9gEAet8T4wCWXxt7Jd8W5AgXysEaCoRdTgGuew","v1ReleasePublicKey":"C2ejdY9gEAet8T4wCWXxt7Jd8W5AgXysEaCoRdTgGuew","txid":"3npueq5ZoeQD55UoG2rJ1Z5CP1HFjEKhz2He85wGQdAN5k9k3zvsFxLGK5H5cLhH4iMzLedsfe3yYyegkbUqTEUf"}
{"date":"2025-11-06T16:15:40.195Z","v2ReleasePublicKey":"4udgaAxMaTw6jkZRjbkf74ymEwqtDtMqGxz7QVZveMeM","v1ReleasePublicKey":"4udgaAxMaTw6jkZRjbkf74ymEwqtDtMqGxz7QVZveMeM","txid":"4Ht5odosreSDHg6faEnX6YTt9DdXWkiKSxw3ZC76pPd5wGgyKSe8Y8Sbu3NDKDNR12cfphqpqB1qxohfWUeCZFY2"}
{"date":"2025-11-06T16:15:52.814Z","v2ReleasePublicKey":"5iMrxyM2S3PTWJqezBrwz4GH7d425RDheutF3KVp8rEN","v1ReleasePublicKey":"5iMrxyM2S3PTWJqezBrwz4GH7d425RDheutF3KVp8rEN","txid":"3ic3w5yi7UMHYAiaPJvsrNwTAkeMcmQdHK9rz2XLfq7uDYqpBgiGV19FDzRR2SMpEaXdj4q9PEiZnSQpNgYu6fPL"}
{"date":"2025-11-06T16:16:05.628Z","v2ReleasePublicKey":"CDW9jNiM2FVt8r7fxLyw7NdQNugmgiUZakyWoJgSw5p3","v1ReleasePublicKey":"CDW9jNiM2FVt8r7fxLyw7NdQNugmgiUZakyWoJgSw5p3","txid":"4VYfeUTSx2DXqp7QgyHevMfdpqSf8SvLWZDQtVcBM1FKaZTJ15v6sQHMiZkZrHj3HDgyrfeNDswi2cqq3gmyj2Gs"}
{"date":"2025-11-06T16:16:18.573Z","v2ReleasePublicKey":"EJSYffeWyRbXgAgZds2uc6gYyS8CMve5wwm98mX6zkXx","v1ReleasePublicKey":"EJSYffeWyRbXgAgZds2uc6gYyS8CMve5wwm98mX6zkXx","txid":"3HpG1Kz8MTkJ933j1tSXJwPnSZRp6sMSfLfegXnvFyrt4aPFnxnSMT37VgWWCsKEQUnmTWmeCHK36DxXZWbHkQaL"}
{"date":"2025-11-06T16:16:31.270Z","v2ReleasePublicKey":"4odbNRytihtXsZE2Ky7Z8fDL4rQ5yGqebLeErDj2xZRA","v1ReleasePublicKey":"4odbNRytihtXsZE2Ky7Z8fDL4rQ5yGqebLeErDj2xZRA","txid":"5gRY3B4TsDN5soFAwXesoNe6UvKWaZFFT5EQnddZL1C6u4bW6EZffEnYrMuwYMBTsMSttZ8dYpvpKfgdDVmfws42"}
{"date":"2025-11-06T16:21:58.901Z","v2ReleasePublicKey":"GgEoTTmZssARzxSGCPKTuVtYxBNSPjK8h92VudAEivz3","v1ReleasePublicKey":"GgEoTTmZssARzxSGCPKTuVtYxBNSPjK8h92VudAEivz3","txid":"52fs17gkPoE31JNaae6YPHF4thUuxtREJJCy4jMZQmzpEaboxUZ1oRUGUrU6J8zJHr67jHU9vmFRhXiw57k8fM35"}
{"date":"2025-11-06T16:22:12.023Z","v2ReleasePublicKey":"3JG7mjXiZxNAzUmFpzFBNCTbFKAGSbQDgiEZHHvTxvHF","v1ReleasePublicKey":"3JG7mjXiZxNAzUmFpzFBNCTbFKAGSbQDgiEZHHvTxvHF","txid":"3bw8VFBdLTM46cDFLvxouiMVBtoNSNgXuuv9pTfnQ3qEm6bmx9jHG32dV2VRRc4UjzBJKj3DjZrhMZogNHPzK49r"}
{"date":"2025-11-06T16:22:25.076Z","v2ReleasePublicKey":"A8SbQga4DTRc19kyxb4eAu6kqwrRBfuFV1UHspc2cbvK","v1ReleasePublicKey":"A8SbQga4DTRc19kyxb4eAu6kqwrRBfuFV1UHspc2cbvK","txid":"45HTtL8BDsYEGuxkeGFKiQFj5icCpGSQ46mXehJV71XGooYMzXtawFK34mYRxG5qDodS3ZAJNwR35QhgyfP9KVGe"}
{"date":"2025-11-06T16:22:38.188Z","v2ReleasePublicKey":"GUth9cH7tfiJrdYpPTTfYwyc5UZs6VerVoAhvk1JRFBG","v1ReleasePublicKey":"GUth9cH7tfiJrdYpPTTfYwyc5UZs6VerVoAhvk1JRFBG","txid":"5jXQTfdqmfuzYT68VG1Yybd1BEF5XNSqKZYEDg7Ct7bXZ7nZaiy9om9E9vn2btB1P1VyMmeyTUrf8bJXtpekTxhU"}
{"date":"2025-11-06T16:22:51.451Z","v2ReleasePublicKey":"3XzN5mosCpXA8BtsigmRUxQznKD9VrRSax6aF7nuy4jR","v1ReleasePublicKey":"3XzN5mosCpXA8BtsigmRUxQznKD9VrRSax6aF7nuy4jR","txid":"f41hn5VkoBvHgBuUs6SzHCXSVgsq7PNZQQUBRHhCpbBGd9RkbpEAkFsVPhNbr25XR6PtNCp9fPxZUAQRHormTy4"}
{"date":"2025-11-06T16:23:04.594Z","v2ReleasePublicKey":"23mSyMShqTxbsFitgQ2wuiTyNuNwZdsFihVuB7Poi95Y","v1ReleasePublicKey":"23mSyMShqTxbsFitgQ2wuiTyNuNwZdsFihVuB7Poi95Y","txid":"3Sp8yaL8PV8XoADmQf6ZcSUoXCdErZ7VVmExBAhE68t7jRfXNmxLUR5DZFsW3zXKgkCurqXRmV1XFM466FfJhgRD"}
{"date":"2025-11-06T16:23:17.870Z","v2ReleasePublicKey":"2nvZAMMJ2BvmDaRfD2U11E47nXXezoabiHXbZmyfeHMZ","v1ReleasePublicKey":"2nvZAMMJ2BvmDaRfD2U11E47nXXezoabiHXbZmyfeHMZ","txid":"3MVMDiXJ8BW5Vfc7mvLn2kEUm47ZQe3cVR15sU2cssqfDDkZ8djEPqHSmTKHYT41rogiX7shCLamgvzmByQiU3Gk"}
{"date":"2025-11-06T16:23:30.609Z","v2ReleasePublicKey":"HTSdCQWeRpnT75jUVWyip5CYmznBYx5TEPSjJZiVVU4K","v1ReleasePublicKey":"HTSdCQWeRpnT75jUVWyip5CYmznBYx5TEPSjJZiVVU4K","txid":"5JDeX62MZoCxCc3G83SzsQ8kUzShEgSxaJPrtEuM7mzV8YRDxxb2sWynuafhKj5GqAZvebQHB5DFAwBwRwr4XBah"}
{"date":"2025-11-06T16:23:43.249Z","v2ReleasePublicKey":"CfABt2xw7bhtqRrMSoYEckcy1wLtKR9guvfE34z1Q1XL","v1ReleasePublicKey":"CfABt2xw7bhtqRrMSoYEckcy1wLtKR9guvfE34z1Q1XL","txid":"R2soWzSbAJdLrtw2CoF7FvRNu1rgKxHkQYJTLfAecxqvb4u9DSgrsZM9QKoUWN71FJDXshrCET5rNvobSP4iiRx"}
{"date":"2025-11-06T16:23:56.319Z","v2ReleasePublicKey":"EMY34f7pbJpMH4vT6int5JhnNeSgbaWsjp2NnN4LFZGT","v1ReleasePublicKey":"EMY34f7pbJpMH4vT6int5JhnNeSgbaWsjp2NnN4LFZGT","txid":"66pU5iBs3VYv7fNsxtUgBSEjPq6v5TQb3jZGegkV6JNFvpK5FreviMFnqq2iQqkMmtCThhb28kUXBKipWgjRmv3y"}
{"date":"2025-11-06T16:27:38.272Z","v2ReleasePublicKey":"7xxsF5qVmsWD3rEX7FSD45EstRFQQ8Q7JVoeDHUDnD6w","v1ReleasePublicKey":"7xxsF5qVmsWD3rEX7FSD45EstRFQQ8Q7JVoeDHUDnD6w","txid":"5CBffbMBpYUukfGFHgX49xGLusdCZqzycP5M4X76qXBgwGH8YD9yHLVWHok4ueo3ibjRKhUygRBFSPj5ArqvrD3s"}
{"date":"2025-11-06T16:27:51.323Z","v2ReleasePublicKey":"2Udu3JaChSS6utbfYwhgZrZwj2YMzSWAiLcevM5Rgr92","v1ReleasePublicKey":"2Udu3JaChSS6utbfYwhgZrZwj2YMzSWAiLcevM5Rgr92","txid":"3WBJt3YJpKi5rNfwZnmFwXt4XwS9NxXBSpwZVE472YTvWRBaCDCgCxAhv7vyjPtCAmeMn5tfWn3g6XAdCmytuaoi"}
{"date":"2025-11-06T16:28:03.703Z","v2ReleasePublicKey":"Hq5WeboMQjXjHCK45Ff6wscBwz5bM8JKpSY8482gdYB2","v1ReleasePublicKey":"Hq5WeboMQjXjHCK45Ff6wscBwz5bM8JKpSY8482gdYB2","txid":"22utVLXJrc3S6GBprN4RBxwjfi5nRcACLrKm1H5Ty4myC8GiH9w9eGRhnSwfkPpbvKQ72qA6uCLz92iQgbXV14AN"}
{"date":"2025-11-06T16:28:16.638Z","v2ReleasePublicKey":"BeQFMatBnEhUG6zzteVdDqQmjQjugPSvGn7gnkcV2LtC","v1ReleasePublicKey":"BeQFMatBnEhUG6zzteVdDqQmjQjugPSvGn7gnkcV2LtC","txid":"2KEeY4foiBRJSpMtjnSbNRWiKtuZxzwftTi2SHgxuxxKcSphbVgjtdVBrntB5pg3QR46pgqAL56SUuefNeubha4U"}
{"date":"2025-11-06T16:28:29.906Z","v2ReleasePublicKey":"49YHsbg5LbVXjn92crMMER7CdEofgDVhwRCTUKsn1kED","v1ReleasePublicKey":"49YHsbg5LbVXjn92crMMER7CdEofgDVhwRCTUKsn1kED","txid":"2YJrjWGEAQ3bkTEApHp44dd7iBm9RmD4g93tTft8mGZ3dLN2zeLK4kztB9SKSdHhMqQpmXegpbMP4yS8otsTjA3V"}
{"date":"2025-11-06T16:28:42.795Z","v2ReleasePublicKey":"EnGGEFnk8vAFADi33vghNgddWPQrszJeMBBWT8zCuhEZ","v1ReleasePublicKey":"EnGGEFnk8vAFADi33vghNgddWPQrszJeMBBWT8zCuhEZ","txid":"LPfJ2CCmQVF5XnoNzqaToUy82iKDELVNExYMPUzC2JUVKSjaSFJ2vGewpFo68vWm6qZoQNsdPQ2wyPAQspHd3y9"}
{"date":"2025-11-06T16:28:55.803Z","v2ReleasePublicKey":"BaKv7L8bDSHXmMFwqTjb4W1a8isyaXjUNgm9ZiA13osk","v1ReleasePublicKey":"BaKv7L8bDSHXmMFwqTjb4W1a8isyaXjUNgm9ZiA13osk","txid":"56mUxxz91jAsggKxxewE5ETUHpohkKQzrxXLZZ5oSr3F8qyLYvV7FUty2yo8pK7DcsciM9MF1FKXXWpTs1Sd8CoX"}
{"date":"2025-11-06T16:29:08.548Z","v2ReleasePublicKey":"HFVDSi9quYst3bmmGAhjVVDHQszZQCqCBbTByX7yYvMw","v1ReleasePublicKey":"HFVDSi9quYst3bmmGAhjVVDHQszZQCqCBbTByX7yYvMw","txid":"sN4SJqdsgDHNDmEcwvbCkvTTx5SA4fSwEdwvt31heuweAjuhDbSBHNUjHbQvigsHbYYBd5q6SkUDBMXZmq5RYH8"}
{"date":"2025-11-06T16:29:21.598Z","v2ReleasePublicKey":"FxPBnMxtPXbWmqo8UL7NSyMwfGKnmfLM9rL73hZ43Ri6","v1ReleasePublicKey":"FxPBnMxtPXbWmqo8UL7NSyMwfGKnmfLM9rL73hZ43Ri6","txid":"4o7cgNTBhm4HXyNyXpiEsJbrW5vj4Z83uBnvbVD7HeXw96fbTHLZZxFhSXi6YWFKf9PjMnRydmUVHbRJpKhgps7"}
{"date":"2025-11-06T16:29:34.404Z","v2ReleasePublicKey":"6PKs9T3HREit6FG62CMUeSDg2t7cN6uvQdWbRx2rN39B","v1ReleasePublicKey":"6PKs9T3HREit6FG62CMUeSDg2t7cN6uvQdWbRx2rN39B","txid":"32qXSFAR26DXdtNi4PVHrAH2D9SCAuvMyYNqYHyfPY2Mk45cuesjc6ZyF9uz6LWfbFhNhDcK23opyyreBC6GTRHi"}
{"date":"2025-11-06T16:44:28.775Z","v2ReleasePublicKey":"ESAVdFm4xa3855hHETdDzEAFHuChLkidZA3swu2qzKiz","v1ReleasePublicKey":"ESAVdFm4xa3855hHETdDzEAFHuChLkidZA3swu2qzKiz","txid":"3jBE6tMN86oFrnkEjByokiZQcCTYxFbXcKPdjW6yQ1p7YuD6N9TuaYSKPpFpU6BtH5BpnHEmw5iMGChSj1QiSTef"}
{"date":"2025-11-06T16:44:41.733Z","v2ReleasePublicKey":"FZSpkWGpahDRep1YkSp13nV2onakdis9tZfirbitDbFa","v1ReleasePublicKey":"FZSpkWGpahDRep1YkSp13nV2onakdis9tZfirbitDbFa","txid":"5g99FYnRYzE8awtJST2RFzyCireUp45WJ2MXzTBgAqYKMrbVmS4W7pVu8WNP6NAPf7roH1p5UjSgK2cAaHe9wyoh"}
{"date":"2025-11-06T16:44:54.785Z","v2ReleasePublicKey":"6aftFA8sXPmoRMAJND8DZvVkCbPL56aKrJ6Mj7oe6b89","v1ReleasePublicKey":"6aftFA8sXPmoRMAJND8DZvVkCbPL56aKrJ6Mj7oe6b89","txid":"3P2oVgnyfZvd7DuAXjYWZuowhTNnjmFFrawP37KDUc6gf9Gnvig7WYi1WUkBvx21BWXHn7WbUvAwHEi7jUaZJzc9"}
{"date":"2025-11-06T16:45:07.670Z","v2ReleasePublicKey":"ACXuMFawbJjdgaGGEg8wvEppHpnTUrBgv1FnHDXzebb9","v1ReleasePublicKey":"ACXuMFawbJjdgaGGEg8wvEppHpnTUrBgv1FnHDXzebb9","txid":"DhtK8DtAYHenLhh57vi5XE6tUSzaU2LUpeKV8Lj3ivrHcQLNSudbE5U8Y4sUWCoyYfhu1jgfqR3iaQ3dc2xuT2z"}
{"date":"2025-11-06T16:45:20.585Z","v2ReleasePublicKey":"Dtq9qKaw9oJBvKE4fFggQuUrcot6qtoh9xhSGHhdX4WD","v1ReleasePublicKey":"Dtq9qKaw9oJBvKE4fFggQuUrcot6qtoh9xhSGHhdX4WD","txid":"4eV3wwMuM7RJMyYAVzTXpaXPKmVtbcL2USTyWTdC4yN5YkH8dgWRUrrJv2fGtz77h5hJTBZSPpuavq8LQiHmwxdr"}
{"date":"2025-11-06T16:45:33.245Z","v2ReleasePublicKey":"JDymufhUxtZvsYypoH8NE9NaM44WaQ7eQu1iu3gAXLun","v1ReleasePublicKey":"JDymufhUxtZvsYypoH8NE9NaM44WaQ7eQu1iu3gAXLun","txid":"2tHMAyP7gwDzwwf1PFgfup2vqDBF6LzFYySuxNMqPy39Jf3g4s583gBcjCMJRZ4Favm4C5Z6pvnmW42N7siZNi9C"}
{"date":"2025-11-06T16:45:46.187Z","v2ReleasePublicKey":"A6ELZRxWaWUHSWtDEuefyt5XrgJh7qapDS7HSKTUojwt","v1ReleasePublicKey":"A6ELZRxWaWUHSWtDEuefyt5XrgJh7qapDS7HSKTUojwt","txid":"3p4jxdqzj6SXqJvXj8EJFSGm8wymRubboR7hnTEhfEH8D6jg7Bc1hybig3ibzMw5SSz7s7TViahGoPaNcKHjcadX"}
{"date":"2025-11-06T16:45:59.167Z","v2ReleasePublicKey":"7DYq1MwXNUU3gfYcZnjFt4og6rRMwTAm6rxQqEyewbr1","v1ReleasePublicKey":"7DYq1MwXNUU3gfYcZnjFt4og6rRMwTAm6rxQqEyewbr1","txid":"3UARpK9C6GGTYiUZN6BYg7jfrLfAAYQRuQg22Ta4bS8tXwrgpUXLwGA6tSKZbq3k1Qtqe1b49mJMAw1tvTZegx4w"}
{"date":"2025-11-06T16:46:12.046Z","v2ReleasePublicKey":"4omV6MbZHnfKaF1jYVM1KGxgfP9oiBUpq1saDs7MGFzV","v1ReleasePublicKey":"4omV6MbZHnfKaF1jYVM1KGxgfP9oiBUpq1saDs7MGFzV","txid":"2X3mBXYvveU6LSDnWh4HJYhignp9mXTPYySdB7fS81JA2JF43HzqThmSeHaKAMET7hhD4ktYyi4BMBuKeSzHYNpu"}
{"date":"2025-11-06T16:46:25.277Z","v2ReleasePublicKey":"DJmSRjvwsbRxFG6nnRJedfVuE6V3EJHz4iQo2yFvhjyF","v1ReleasePublicKey":"DJmSRjvwsbRxFG6nnRJedfVuE6V3EJHz4iQo2yFvhjyF","txid":"2RBqEa8xQZVutkdS86DxTz6irx5DkZH9eSj3X3Ny4ckXx6LFZc3bU6b4pe2rK78D4mE58fZbvMcwpekh4CAbxHrV"}
{"date":"2025-11-06T16:48:55.735Z","v2ReleasePublicKey":"5vtyqqDwMVsqpA6WoQbPiLygbZBF93obmV7wZbT34CVq","v1ReleasePublicKey":"5vtyqqDwMVsqpA6WoQbPiLygbZBF93obmV7wZbT34CVq","txid":"5h1v8xUxWj5Zpkb9wtaChQF3pGiz8B5TWrHXDMuoBnnzEruGMKoyU9DKcqBSc6sqbmizRA778rUdZ4VEg6dHRkXs"}
{"date":"2025-11-06T16:49:08.785Z","v2ReleasePublicKey":"7QNgHToRvsjzxbwUKHq5e6sg6e2FoR5DM5RzweC7RdEo","v1ReleasePublicKey":"7QNgHToRvsjzxbwUKHq5e6sg6e2FoR5DM5RzweC7RdEo","txid":"3grEzfuNWNFRuGQGGbhMnZ9ECtH2mtCX9s8A8fcr64DEzyrqamk8GhNJijLQmkCFaPx5FmsbmvhGMV8PwRPBMEti"}
{"date":"2025-11-06T16:49:21.562Z","v2ReleasePublicKey":"FPV6hC74surhfY85XRbexNNdFHuut4Hk1j7hkgy6MKSK","v1ReleasePublicKey":"FPV6hC74surhfY85XRbexNNdFHuut4Hk1j7hkgy6MKSK","txid":"5FWxrbP6J7z2W3Yk9CPUbB458edD4txtigrCmYeMt3okLkc6oJyP6XosSf2C5ntHTda1dXBDRhpjH4c5cVx3GTC"}
{"date":"2025-11-06T16:49:34.282Z","v2ReleasePublicKey":"HC7QiQGKJ5WpQzqjZeQPwC92NxbV6R6PavGDbwnQTJkd","v1ReleasePublicKey":"HC7QiQGKJ5WpQzqjZeQPwC92NxbV6R6PavGDbwnQTJkd","txid":"3jZPgq8bNrDgRubuyxQ8t5Ft9kUKJDgv44CFhgzUXbr3NKeLSAwLyXqnvMALhTB2bC2TREzpJLgNVTam6UvPsQ6W"}
{"date":"2025-11-06T16:49:47.383Z","v2ReleasePublicKey":"29uAmw5Y59xg788mBTbm1wdJQwxybSKDPijcMmwCbBSS","v1ReleasePublicKey":"29uAmw5Y59xg788mBTbm1wdJQwxybSKDPijcMmwCbBSS","txid":"GtZ7istjqGEFnTaivS1XLd37GWwv1EGv2Quom6FwYcUahzpKbiRupRs1Y4TUnMuBGsMvXqnfCxbwYqVmT5jnxp5"}
{"date":"2025-11-06T16:50:00.365Z","v2ReleasePublicKey":"CFFbF8QRRB9FjqCcn3isvBYEctsQm7oVgpgkXVCo6PEv","v1ReleasePublicKey":"CFFbF8QRRB9FjqCcn3isvBYEctsQm7oVgpgkXVCo6PEv","txid":"4LXRJabKrA9mKsrzyvqqrKGZfW9dUbL3mKKSp78uW3Gyu5zRiVcQbawdQZoGADb5wYXePoKvwzCLNb9i45DgGat8"}
{"date":"2025-11-06T16:50:13.552Z","v2ReleasePublicKey":"HKJL9hba1Gnce5RQ74pG3U9qeiwyvmtndtYCoDXw2jdS","v1ReleasePublicKey":"HKJL9hba1Gnce5RQ74pG3U9qeiwyvmtndtYCoDXw2jdS","txid":"41znJrtk2N6HhMrTNAtF1T1gzw8v4UcbPKHb66c1bQQHX1NRCzGx2vYunqhyptyxxd9zruB4CHJh8MLzHrQubReH"}
{"date":"2025-11-06T16:50:26.456Z","v2ReleasePublicKey":"9fiRmwqXi6rRsmZT2YKnqss9Y3mWRMi1wGTcMXcs7FGF","v1ReleasePublicKey":"9fiRmwqXi6rRsmZT2YKnqss9Y3mWRMi1wGTcMXcs7FGF","txid":"3zJjRE7n5bfvjaTo9VB1YWfTtTJs77VB7t3GPJhDTUJvXZ33oqSAkEiL5a9aFquBuuMNtKEWW78CUMn7vkKDQnba"}
{"date":"2025-11-06T16:50:39.644Z","v2ReleasePublicKey":"HYGpmniVVW3DQRPU3o91xYqZrzRwnM3kQ9LsBnSQSUSu","v1ReleasePublicKey":"HYGpmniVVW3DQRPU3o91xYqZrzRwnM3kQ9LsBnSQSUSu","txid":"vRc7ZrNJNgzK1PrJbMnyjLPu9opkqXmpmHwPUpoMyiXtG63b3ZRRNWG1kHMUd6tcMWXh4zAMpmcwM1EjrfWLiVk"}
{"date":"2025-11-06T16:50:52.522Z","v2ReleasePublicKey":"6xA4rER8umGv5SQMfnZ1zb3AsdbzEsk3SQXHz3EiUNYt","v1ReleasePublicKey":"6xA4rER8umGv5SQMfnZ1zb3AsdbzEsk3SQXHz3EiUNYt","txid":"3LrYipeYEK4Snbw9s3MNBV65ad6K7hmwzfN3ur8QyLdW54QAYysbU1VJvh82p3QChp4Zz51MyCYiSKbDzVhv7pHB"}
